../Core/Src/Bootloader_program.c:18:16:u8VerifyCRC	40	static
../Core/Src/Bootloader_program.c:37:13:vSendACK	24	static
../Core/Src/Bootloader_program.c:45:13:vSendNACK	16	static
../Core/Src/Bootloader_program.c:52:16:u8ValidDataAddress	24	static
../Core/Src/Bootloader_program.c:74:16:u8ExecuteFlashWrite	40	static
../Core/Src/Bootloader_program.c:98:16:u8ExecuteFlashErease	40	static
../Core/Src/Bootloader_program.c:144:6:Bootloader_JumpToUserApp	16	static,ignoring_inline_asm
../Core/Src/Bootloader_program.c:165:6:Bootloader_vHandle_GET_VER	32	static
../Core/Src/Bootloader_program.c:185:6:Bootloader_vHandle_GET_HELP	40	static
../Core/Src/Bootloader_program.c:216:6:Bootloader_vHandle_GET_CID	32	static
../Core/Src/Bootloader_program.c:235:6:Bootloader_vHandle_RDP_STATUS	24	static
../Core/Src/Bootloader_program.c:253:6:Bootloader_vHandle_GO_TO_ADDR	40	static
../Core/Src/Bootloader_program.c:292:6:Bootloader_vHandle_FLASH_EREASE	32	static
../Core/Src/Bootloader_program.c:312:6:Bootloader_vHandle_MEM_WRITE	32	static
../Core/Src/Bootloader_program.c:332:6:Bootloader_vHandle_EN_RW_PROTECT	24	static
../Core/Src/Bootloader_program.c:350:6:Bootloader_vHandle_MEM_READ	24	static
../Core/Src/Bootloader_program.c:368:6:Bootloader_vHandle_READ_SECTOR_STATUS	24	static
../Core/Src/Bootloader_program.c:386:6:Bootloader_vHandle_OTP_READ	24	static
../Core/Src/Bootloader_program.c:404:6:Bootloader_vHandle_DIS_WR_PROTECTION	24	static
../Core/Src/Bootloader_program.c:422:6:Bootloader_vReceiveData	288	static
